<?xml version="1.0" encoding="UTF-8"?>
<TestRun id="f164143f-6249-4f8d-a63c-5d1f7bf80288" name="Kayla@LONDON 2016-07-05 17:18:45" runUser="London\Kayla" xmlns="http://microsoft.com/schemas/VisualStudio/TeamTest/2010">
  <TestSettings name="Local" id="e3fb9b58-c32e-490f-b08a-53fb0798f3f3">
    <Description>These are default test settings for a local test run.</Description>
    <Deployment enabled="false" runDeploymentRoot="Kayla_LONDON 2016-07-05 17_18_45">
      <DeploymentItem filename="c:\users\kayla\documents\visual studio 2010\Projects\ShiftWiseCodeExercise\ShiftWiseCodeExercise\bin\ShiftWiseCodeExercise.dll" />
    </Deployment>
    <Execution>
      <TestTypeSpecific />
      <AgentRule name="Execution Agents">
      </AgentRule>
    </Execution>
  </TestSettings>
  <Times creation="2016-07-05T17:18:45.4265952-07:00" queuing="2016-07-05T17:18:45.4645974-07:00" start="2016-07-05T17:18:45.4665975-07:00" finish="2016-07-05T17:18:45.6216064-07:00" />
  <ResultSummary outcome="Failed">
    <Counters total="1" executed="1" error="0" failed="1" timeout="0" aborted="0" inconclusive="0" passedButRunAborted="0" notRunnable="0" notExecuted="0" disconnected="0" warning="0" passed="0" completed="0" inProgress="0" pending="0" />
  </ResultSummary>
  <TestDefinitions>
    <UnitTest name="CardNameShouldBeFormatted" storage="c:\users\kayla\documents\visual studio 2010\projects\shiftwisecodeexercise\shiftwisecodeexerciseunittests\bin\debug\shiftwisecodeexerciseunittests.dll" id="a2833573-78b2-3e3b-dac7-d1c513d0ba59">
      <Execution id="ccf13d52-5c89-4df8-ba2f-9d32e9f98727" />
      <TestMethod codeBase="c:/users/kayla/documents/visual studio 2010/Projects/ShiftWiseCodeExercise/ShiftWiseCodeExerciseUnitTests/bin/Debug/ShiftWiseCodeExerciseUnitTests.DLL" adapterTypeName="Microsoft.VisualStudio.TestTools.TestTypes.Unit.UnitTestAdapter, Microsoft.VisualStudio.QualityTools.Tips.UnitTest.Adapter, Version=10.0.0.0, Culture=neutral, PublicKeyToken=b03f5f7f11d50a3a" className="ShiftWiseCodeExerciseUnitTests.CardTest, ShiftWiseCodeExerciseUnitTests, Version=1.0.0.0, Culture=neutral, PublicKeyToken=null" name="CardNameShouldBeFormatted" />
    </UnitTest>
  </TestDefinitions>
  <TestLists>
    <TestList name="Results Not in a List" id="8c84fa94-04c1-424b-9868-57a2d4851a1d" />
    <TestList name="All Loaded Results" id="19431567-8539-422a-85d7-44ee4e166bda" />
  </TestLists>
  <TestEntries>
    <TestEntry testId="a2833573-78b2-3e3b-dac7-d1c513d0ba59" executionId="ccf13d52-5c89-4df8-ba2f-9d32e9f98727" testListId="8c84fa94-04c1-424b-9868-57a2d4851a1d" />
  </TestEntries>
  <Results>
    <UnitTestResult executionId="ccf13d52-5c89-4df8-ba2f-9d32e9f98727" testId="a2833573-78b2-3e3b-dac7-d1c513d0ba59" testName="CardNameShouldBeFormatted" computerName="LONDON" duration="00:00:00.0185062" startTime="2016-07-05T17:18:45.4705977-07:00" endTime="2016-07-05T17:18:45.6116058-07:00" testType="13cdc9d9-ddb5-4fa4-a97d-d965ccfc6d4b" outcome="Failed" testListId="8c84fa94-04c1-424b-9868-57a2d4851a1d" relativeResultsDirectory="ccf13d52-5c89-4df8-ba2f-9d32e9f98727">
      <Output>
        <ErrorInfo>
          <Message>Assert.AreEqual failed. Expected:&lt;Nine of Hearts&gt;. Actual:&lt;ShiftWiseCodeExercise.Models.Card&gt;. </Message>
          <StackTrace>   at ShiftWiseCodeExerciseUnitTests.CardTest.CardNameShouldBeFormatted() in c:\users\kayla\documents\visual studio 2010\Projects\ShiftWiseCodeExercise\ShiftWiseCodeExerciseUnitTests\CardTest.cs:line 89
</StackTrace>
        </ErrorInfo>
      </Output>
    </UnitTestResult>
  </Results>
</TestRun>